[uena.dexignzone.com/django/xhtml/index-2.html]
[backblue.gif]
[fade.gif]
[index.html]
[uena.dexignzone.com/django/social-image.png]
[uena.dexignzone.com/django/xhtml/images/favicon.png]
[uena.dexignzone.com/django/xhtml/index.html]
[uena.dexignzone.com/django/xhtml/images/avatar/1.jpg]
[uena.dexignzone.com/django/xhtml/images/avatar/2.jpg]
[uena.dexignzone.com/django/xhtml/images/avatar/3.jpg]
[uena.dexignzone.com/django/xhtml/images/avatar/4.jpg]
[uena.dexignzone.com/django/xhtml/images/avatar/5.jpg]
[uena.dexignzone.com/django/xhtml/images/profile/pic1.jpg]
[uena.dexignzone.com/django/xhtml/app-profile.html]
[uena.dexignzone.com/django/xhtml/email-inbox.html]
[uena.dexignzone.com/django/xhtml/login.html]
[uena.dexignzone.com/django/xhtml/orders-list.html]
[uena.dexignzone.com/django/xhtml/order-detail.html]
[uena.dexignzone.com/django/xhtml/customer-list.html]
[uena.dexignzone.com/django/xhtml/analytics.html]
[uena.dexignzone.com/django/xhtml/reviews.html]
[uena.dexignzone.com/django/xhtml/post-details.html]
[uena.dexignzone.com/django/xhtml/email-compose.html]
[uena.dexignzone.com/django/xhtml/email-read.html]
[uena.dexignzone.com/django/xhtml/app-calender.html]
[uena.dexignzone.com/django/xhtml/ecom-product-grid.html]
[uena.dexignzone.com/django/xhtml/ecom-product-list.html]
[uena.dexignzone.com/django/xhtml/ecom-product-detail.html]
[uena.dexignzone.com/django/xhtml/ecom-product-order.html]
[uena.dexignzone.com/django/xhtml/ecom-checkout.html]
[uena.dexignzone.com/django/xhtml/ecom-invoice.html]
[uena.dexignzone.com/django/xhtml/ecom-customers.html]
[uena.dexignzone.com/django/xhtml/chart-flot.html]
[uena.dexignzone.com/django/xhtml/chart-morris.html]
[uena.dexignzone.com/django/xhtml/chart-chartjs.html]
[uena.dexignzone.com/django/xhtml/chart-chartist.html]
[uena.dexignzone.com/django/xhtml/chart-sparkline.html]
[uena.dexignzone.com/django/xhtml/chart-peity.html]
[uena.dexignzone.com/django/xhtml/ui-accordion.html]
[uena.dexignzone.com/django/xhtml/ui-alert.html]
[uena.dexignzone.com/django/xhtml/ui-badge.html]
[uena.dexignzone.com/django/xhtml/ui-button.html]
[uena.dexignzone.com/django/xhtml/ui-modal.html]
[uena.dexignzone.com/django/xhtml/ui-button-group.html]
[uena.dexignzone.com/django/xhtml/ui-list-group.html]
[uena.dexignzone.com/django/xhtml/ui-media-object.html]
[uena.dexignzone.com/django/xhtml/ui-card.html]
[uena.dexignzone.com/django/xhtml/ui-carousel.html]
[uena.dexignzone.com/django/xhtml/ui-dropdown.html]
[uena.dexignzone.com/django/xhtml/ui-popover.html]
[uena.dexignzone.com/django/xhtml/ui-progressbar.html]
[uena.dexignzone.com/django/xhtml/ui-tab.html]
[uena.dexignzone.com/django/xhtml/ui-typography.html]
[uena.dexignzone.com/django/xhtml/ui-pagination.html]
[uena.dexignzone.com/django/xhtml/ui-grid.html]
[uena.dexignzone.com/django/xhtml/uc-select2.html]
[uena.dexignzone.com/django/xhtml/uc-nestable.html]
[uena.dexignzone.com/django/xhtml/uc-noui-slider.html]
[uena.dexignzone.com/django/xhtml/uc-sweetalert.html]
[uena.dexignzone.com/django/xhtml/uc-toastr.html]
[uena.dexignzone.com/django/xhtml/map-jqvmap.html]
[uena.dexignzone.com/django/xhtml/uc-lightgallery.html]
[uena.dexignzone.com/django/xhtml/widget-basic.html]
[uena.dexignzone.com/django/xhtml/flat-icons.html]
[uena.dexignzone.com/django/xhtml/svg-icons.html]
[uena.dexignzone.com/django/xhtml/content.html]
[uena.dexignzone.com/django/xhtml/menu.html]
[uena.dexignzone.com/django/xhtml/email-template.html]
[uena.dexignzone.com/django/xhtml/blog.html]
[uena.dexignzone.com/django/xhtml/form-element.html]
[uena.dexignzone.com/django/xhtml/form-wizard.html]
[uena.dexignzone.com/django/xhtml/form-editor-ckeditor.html]
[uena.dexignzone.com/django/xhtml/form-editor-summernote.html]
[uena.dexignzone.com/django/xhtml/form-pickers.html]
[uena.dexignzone.com/django/xhtml/form-validation-jquery.html]
[uena.dexignzone.com/django/xhtml/table-bootstrap-basic.html]
[uena.dexignzone.com/django/xhtml/table-datatable-basic.html]
[uena.dexignzone.com/django/xhtml/page-login.html]
[uena.dexignzone.com/django/xhtml/page-register.html]
[uena.dexignzone.com/django/xhtml/page-error-400.html]
[uena.dexignzone.com/django/xhtml/page-error-403.html]
[uena.dexignzone.com/django/xhtml/page-error-404.html]
[uena.dexignzone.com/django/xhtml/page-error-500.html]
[uena.dexignzone.com/django/xhtml/page-error-503.html]
[uena.dexignzone.com/django/xhtml/page-lock-screen.html]
[uena.dexignzone.com/django/xhtml/empty-page.html]
[uena.dexignzone.com/django/xhtml/images/menu/Untitled-1.jpg]
[uena.dexignzone.com/django/xhtml/images/menu/Untitled-2.jpg]
[uena.dexignzone.com/django/xhtml/images/menu/Untitled-3.jpg]
[uena.dexignzone.com/django/xhtml/images/menu/Untitled-4.jpg]
[uena.dexignzone.com/django/xhtml/images/menu/Untitled-5.jpg]
[uena.dexignzone.com/django/xhtml/images/card/Untitled-1.jpg]
[uena.dexignzone.com/django/xhtml/images/card/Untitled-2.jpg]
[uena.dexignzone.com/django/xhtml/images/card/Untitled-3.jpg]
[uena.dexignzone.com/django/xhtml/ajax/order-request.html]
[uena.dexignzone.com/django/xhtml/index-2.html]
[uena.dexignzone.com/django/xhtml/vendor/chartist/css/chartist.min.css]
[uena.dexignzone.com/django/xhtml/vendor/bootstrap-select/dist/css/bootstrap-select.min.css]
[uena.dexignzone.com/django/xhtml/images/pattern/pattern5.png]
[uena.dexignzone.com/django/xhtml/images/profile/cover.jpg]
[uena.dexignzone.com/django/xhtml/images/1.jpg]
[uena.dexignzone.com/django/xhtml/images/like.png]
[uena.dexignzone.com/django/xhtml/css/style.css]
[uena.dexignzone.com/django/xhtml/index.html]
[uena.dexignzone.com/django/xhtml/images/profile/profile.png]
[uena.dexignzone.com/django/xhtml/images/profile/1.jpg]
[uena.dexignzone.com/django/xhtml/images/big/img6.jpg]
[uena.dexignzone.com/django/xhtml/images/profile/2.jpg]
[uena.dexignzone.com/django/xhtml/images/big/img5.jpg]
[uena.dexignzone.com/django/xhtml/images/profile/3.jpg]
[uena.dexignzone.com/django/xhtml/images/big/img4.jpg]
[uena.dexignzone.com/django/xhtml/images/profile/4.jpg]
[uena.dexignzone.com/django/xhtml/images/profile/12.jpg]
[uena.dexignzone.com/django/xhtml/images/profile/13.jpg]
[uena.dexignzone.com/django/xhtml/images/profile/14.jpg]
[uena.dexignzone.com/django/xhtml/images/profile/5.jpg]
[uena.dexignzone.com/django/xhtml/images/profile/6.jpg]
[uena.dexignzone.com/django/xhtml/images/profile/7.jpg]
[uena.dexignzone.com/django/xhtml/images/profile/8.jpg]
[uena.dexignzone.com/django/xhtml/images/profile/9.jpg]
[uena.dexignzone.com/django/xhtml/app-profile.html]
[uena.dexignzone.com/django/xhtml/email-inbox.html]
[uena.dexignzone.com/django/xhtml/login.html]
[uena.dexignzone.com/django/xhtml/orders-list.html]
[uena.dexignzone.com/django/xhtml/images/profile/Untitled-2.jpg]
[uena.dexignzone.com/django/xhtml/images/profile/Untitled-1.jpg]
[uena.dexignzone.com/django/xhtml/images/card/Untitled-6.jpg]
[uena.dexignzone.com/django/xhtml/images/card/Untitled-4.jpg]
[uena.dexignzone.com/django/xhtml/images/card/Untitled-5.jpg]
[uena.dexignzone.com/django/xhtml/images/map.jpg]
[uena.dexignzone.com/django/xhtml/order-detail.html]
[uena.dexignzone.com/django/xhtml/customer-list.html]
[uena.dexignzone.com/django/xhtml/images/card/Untitled-7.jpg]
[uena.dexignzone.com/django/xhtml/images/card/Untitled-8.jpg]
[uena.dexignzone.com/django/xhtml/images/card/Untitled-9.jpg]
[uena.dexignzone.com/django/xhtml/ajax/seller-menus.html]
[uena.dexignzone.com/django/xhtml/images/profile/Untitled-10.jpg]
[uena.dexignzone.com/django/xhtml/images/profile/Untitled-11.jpg]
[uena.dexignzone.com/django/xhtml/images/profile/Untitled-12.jpg]
[uena.dexignzone.com/django/xhtml/images/profile/Untitled-13.jpg]
[uena.dexignzone.com/django/xhtml/images/card/Untitled-10.jpg]
[uena.dexignzone.com/django/xhtml/images/card/Untitled-11.jpg]
[uena.dexignzone.com/django/xhtml/images/card/Untitled-12.jpg]
[uena.dexignzone.com/django/xhtml/images/card/Untitled-13.jpg]
[uena.dexignzone.com/django/xhtml/images/card/Untitled-14.jpg]
[uena.dexignzone.com/django/xhtml/analytics.html]
[uena.dexignzone.com/django/xhtml/images/table/Untitled-1.jpg]
[uena.dexignzone.com/django/xhtml/images/table/Untitled-2.jpg]
[uena.dexignzone.com/django/xhtml/images/table/Untitled-3.jpg]
[uena.dexignzone.com/django/xhtml/images/table/Untitled-4.jpg]
[uena.dexignzone.com/django/xhtml/images/table/Untitled-5.jpg]
[uena.dexignzone.com/django/xhtml/reviews.html]
[uena.dexignzone.com/django/xhtml/post-details.html]
[uena.dexignzone.com/django/xhtml/email-compose.html]
[uena.dexignzone.com/django/xhtml/email-read.html]
[uena.dexignzone.com/django/xhtml/app-calender.html]
[uena.dexignzone.com/django/xhtml/images/product/1.jpg]
[uena.dexignzone.com/django/xhtml/images/product/2.jpg]
[uena.dexignzone.com/django/xhtml/images/product/3.jpg]
[uena.dexignzone.com/django/xhtml/images/product/4.jpg]
[uena.dexignzone.com/django/xhtml/images/product/5.jpg]
[uena.dexignzone.com/django/xhtml/images/product/6.jpg]
[uena.dexignzone.com/django/xhtml/images/product/7.jpg]
[uena.dexignzone.com/django/xhtml/ecom-product-grid.html]
[uena.dexignzone.com/django/xhtml/ecom-product-list.html]
[uena.dexignzone.com/django/xhtml/images/tab/1.jpg]
[uena.dexignzone.com/django/xhtml/images/tab/2.jpg]
[uena.dexignzone.com/django/xhtml/images/tab/3.jpg]
[uena.dexignzone.com/django/xhtml/images/tab/4.jpg]
[uena.dexignzone.com/django/xhtml/ecom-product-detail.html]
[uena.dexignzone.com/django/xhtml/ecom-product-order.html]
[uena.dexignzone.com/django/xhtml/ecom-checkout.html]
[uena.dexignzone.com/django/xhtml/images/qr.png]
[uena.dexignzone.com/django/xhtml/ecom-invoice.html]
[uena.dexignzone.com/django/xhtml/images/avatar/5.png]
[uena.dexignzone.com/django/xhtml/images/avatar/1.png]
[uena.dexignzone.com/django/xhtml/ecom-customers.html]
[uena.dexignzone.com/django/xhtml/chart-flot.html]
[uena.dexignzone.com/django/xhtml/chart-morris.html]
[uena.dexignzone.com/django/xhtml/chart-chartjs.html]
[uena.dexignzone.com/django/xhtml/chart-chartist.html]
[uena.dexignzone.com/django/xhtml/chart-sparkline.html]
[uena.dexignzone.com/django/xhtml/chart-peity.html]
[uena.dexignzone.com/django/xhtml/ui-accordion.html]
[uena.dexignzone.com/django/xhtml/ui-alert.html]
[uena.dexignzone.com/django/xhtml/ui-badge.html]
[uena.dexignzone.com/django/xhtml/ui-button.html]
[uena.dexignzone.com/django/xhtml/ui-modal.html]
[uena.dexignzone.com/django/xhtml/ui-button-group.html]
[uena.dexignzone.com/django/xhtml/ui-list-group.html]
[uena.dexignzone.com/django/xhtml/images/avatar/7.jpg]
[uena.dexignzone.com/django/xhtml/images/avatar/6.jpg]
[uena.dexignzone.com/django/xhtml/images/avatar/8.jpg]
[uena.dexignzone.com/django/xhtml/ui-media-object.html]
[uena.dexignzone.com/django/xhtml/images/card/1.png]
[uena.dexignzone.com/django/xhtml/images/card/2.png]
[uena.dexignzone.com/django/xhtml/images/card/3.png]
[uena.dexignzone.com/django/xhtml/ui-card.html]
[uena.dexignzone.com/django/xhtml/images/big/img1.jpg]
[uena.dexignzone.com/django/xhtml/images/big/img2.jpg]
[uena.dexignzone.com/django/xhtml/images/big/img3.jpg]
[uena.dexignzone.com/django/xhtml/images/big/img7.jpg]
[uena.dexignzone.com/django/xhtml/ui-carousel.html]
[uena.dexignzone.com/django/xhtml/ui-dropdown.html]
[uena.dexignzone.com/django/xhtml/ui-popover.html]
[uena.dexignzone.com/django/xhtml/ui-progressbar.html]
[uena.dexignzone.com/django/xhtml/ui-tab.html]
[uena.dexignzone.com/django/xhtml/ui-typography.html]
[uena.dexignzone.com/django/xhtml/ui-pagination.html]
[uena.dexignzone.com/django/xhtml/ui-grid.html]
[uena.dexignzone.com/django/xhtml/uc-select2.html]
[uena.dexignzone.com/django/xhtml/uc-nestable.html]
[uena.dexignzone.com/django/xhtml/uc-noui-slider.html]
[uena.dexignzone.com/django/xhtml/uc-sweetalert.html]
[uena.dexignzone.com/django/xhtml/uc-toastr.html]
[uena.dexignzone.com/django/xhtml/map-jqvmap.html]
[uena.dexignzone.com/django/xhtml/images/big/img8.jpg]
[uena.dexignzone.com/django/xhtml/uc-lightgallery.html]
[uena.dexignzone.com/django/xhtml/widget-basic.html]
[uena.dexignzone.com/django/xhtml/flat-icons.html]
[uena.dexignzone.com/django/xhtml/svg-icons.html]
[uena.dexignzone.com/django/xhtml/content-add.html]
[uena.dexignzone.com/django/xhtml/content.html]
[uena.dexignzone.com/django/xhtml/menu.html]
[uena.dexignzone.com/django/xhtml/email-template.html]
[uena.dexignzone.com/django/xhtml/add-email.html]
[uena.dexignzone.com/django/xhtml/add-blog.html]
[uena.dexignzone.com/django/xhtml/blog.html]
[uena.dexignzone.com/django/xhtml/form-element.html]
[uena.dexignzone.com/django/xhtml/blog-category.html]
[uena.dexignzone.com/django/xhtml/form-wizard.html]
[uena.dexignzone.com/django/xhtml/form-editor-ckeditor.html]
[uena.dexignzone.com/django/xhtml/form-editor-summernote.html]
[uena.dexignzone.com/django/xhtml/form-pickers.html]
[uena.dexignzone.com/django/xhtml/form-validation-jquery.html]
[uena.dexignzone.com/django/xhtml/table-bootstrap-basic.html]
[uena.dexignzone.com/django/xhtml/images/profile/small/pic1.jpg]
[uena.dexignzone.com/django/xhtml/images/profile/small/pic2.jpg]
[uena.dexignzone.com/django/xhtml/images/profile/small/pic3.jpg]
[uena.dexignzone.com/django/xhtml/images/profile/small/pic4.jpg]
[uena.dexignzone.com/django/xhtml/images/profile/small/pic5.jpg]
[uena.dexignzone.com/django/xhtml/images/profile/small/pic6.jpg]
[uena.dexignzone.com/django/xhtml/images/profile/small/pic7.jpg]
[uena.dexignzone.com/django/xhtml/images/profile/small/pic8.jpg]
[uena.dexignzone.com/django/xhtml/images/profile/small/pic9.jpg]
[uena.dexignzone.com/django/xhtml/images/profile/small/pic10.jpg]
[uena.dexignzone.com/django/xhtml/table-datatable-basic.html]
[uena.dexignzone.com/django/xhtml/page-forgot-password.html]
[uena.dexignzone.com/django/xhtml/page-login.html]
[uena.dexignzone.com/django/xhtml/page-register.html]
[uena.dexignzone.com/django/xhtml/page-error-400.html]
[uena.dexignzone.com/django/xhtml/page-error-403.html]
[uena.dexignzone.com/django/xhtml/page-error-404.html]
[uena.dexignzone.com/django/xhtml/page-error-500.html]
[uena.dexignzone.com/django/xhtml/page-error-503.html]
[uena.dexignzone.com/django/xhtml/page-lock-screen.html]
[uena.dexignzone.com/django/xhtml/empty-page.html]
[uena.dexignzone.com/django/xhtml/ajax/order-request.html]
[uena.dexignzone.com/django/xhtml/vendor/global/global.min.js]
[uena.dexignzone.com/django/xhtml/vendor/bootstrap-select/dist/js/bootstrap-select.min.js]
[uena.dexignzone.com/django/xhtml/vendor/chart.js/Chart.bundle.min.js]
[uena.dexignzone.com/django/xhtml/vendor/peity/jquery.peity.min.js]
[uena.dexignzone.com/django/xhtml/vendor/apexchart/apexchart.js]
[uena.dexignzone.com/django/xhtml/js/dashboard/dashboard-2.js]
[uena.dexignzone.com/django/xhtml/images/logo-white.png]
[uena.dexignzone.com/django/xhtml/images/logo-text-white.png]
[uena.dexignzone.com/django/xhtml/images/logo.png]
[uena.dexignzone.com/django/xhtml/images/logo-text.png]
[uena.dexignzone.com/django/xhtml/js/custom.min.js]
[uena.dexignzone.com/django/xhtml/icons/font-awesome-6/webfonts/fa-brands-400.woff2]
[uena.dexignzone.com/django/xhtml/icons/font-awesome-6/webfonts/fa-brands-400.ttf]
[uena.dexignzone.com/django/xhtml/icons/font-awesome-6/webfonts/fa-regular-400.woff2]
[uena.dexignzone.com/django/xhtml/icons/font-awesome-6/webfonts/fa-regular-400.ttf]
[uena.dexignzone.com/django/xhtml/icons/font-awesome-6/webfonts/fa-solid-900.woff2]
[uena.dexignzone.com/django/xhtml/icons/font-awesome-6/webfonts/fa-solid-900.ttf]
[uena.dexignzone.com/django/xhtml/icons/font-awesome-6/webfonts/fa-v4compatibility.woff2]
[uena.dexignzone.com/django/xhtml/icons/font-awesome-6/webfonts/fa-v4compatibility.ttf]
[uena.dexignzone.com/django/xhtml/icons/font-awesome-6/css/all.min.css]
[uena.dexignzone.com/django/xhtml/icons/material-design-iconic-font/fonts/materialdesignicons-webfont683c.eot]
[uena.dexignzone.com/django/xhtml/icons/material-design-iconic-font/fonts/materialdesignicons-webfontd41d.eot]
[uena.dexignzone.com/django/xhtml/icons/material-design-iconic-font/fonts/materialdesignicons-webfont683c.woff2]
[uena.dexignzone.com/django/xhtml/icons/material-design-iconic-font/fonts/materialdesignicons-webfont683c.woff]
[uena.dexignzone.com/django/xhtml/icons/material-design-iconic-font/fonts/materialdesignicons-webfont683c.ttf]
[uena.dexignzone.com/django/xhtml/icons/material-design-iconic-font/css/materialdesignicons.min.css]
[uena.dexignzone.com/django/xhtml/icons/themify-icons/fonts/themify9f249f24.eot]
[uena.dexignzone.com/django/xhtml/icons/themify-icons/fonts/themifyd41dd41d.eot]
[uena.dexignzone.com/django/xhtml/icons/themify-icons/fonts/themify.woff]
[uena.dexignzone.com/django/xhtml/icons/themify-icons/fonts/themify.ttf]
[uena.dexignzone.com/django/xhtml/icons/themify-icons/css/themify-icons.css]
[uena.dexignzone.com/django/xhtml/icons/line-awesome/fonts/la-brands-400.eot]
[uena.dexignzone.com/django/xhtml/icons/line-awesome/fonts/la-brands-400d41d.eot]
[uena.dexignzone.com/django/xhtml/icons/line-awesome/fonts/la-brands-400.woff2]
[uena.dexignzone.com/django/xhtml/icons/line-awesome/fonts/la-brands-400.woff]
[uena.dexignzone.com/django/xhtml/icons/line-awesome/fonts/la-brands-400.ttf]
[uena.dexignzone.com/django/xhtml/icons/line-awesome/fonts/la-regular-400.eot]
[uena.dexignzone.com/django/xhtml/icons/line-awesome/fonts/la-regular-400d41d.eot]
[uena.dexignzone.com/django/xhtml/icons/line-awesome/fonts/la-regular-400.woff2]
[uena.dexignzone.com/django/xhtml/icons/line-awesome/fonts/la-regular-400.woff]
[uena.dexignzone.com/django/xhtml/icons/line-awesome/fonts/la-regular-400.ttf]
[uena.dexignzone.com/django/xhtml/icons/line-awesome/fonts/la-solid-900.eot]
[uena.dexignzone.com/django/xhtml/icons/line-awesome/fonts/la-solid-900d41d.eot]
[uena.dexignzone.com/django/xhtml/icons/line-awesome/fonts/la-solid-900.woff2]
[uena.dexignzone.com/django/xhtml/icons/line-awesome/fonts/la-solid-900.woff]
[uena.dexignzone.com/django/xhtml/icons/line-awesome/fonts/la-solid-900.ttf]
[uena.dexignzone.com/django/xhtml/icons/line-awesome/css/line-awesome.min.css]
[uena.dexignzone.com/django/xhtml/icons/flaticon/Flaticon.eot]
[uena.dexignzone.com/django/xhtml/icons/flaticon/Flaticond41d.eot]
[uena.dexignzone.com/django/xhtml/icons/flaticon/Flaticon.woff]
[uena.dexignzone.com/django/xhtml/icons/flaticon/Flaticon.ttf]
[uena.dexignzone.com/django/xhtml/icons/flaticon/flaticon.css]
[uena.dexignzone.com/django/xhtml/icons/flaticon_1/Flaticon_1.eot]
[uena.dexignzone.com/django/xhtml/icons/flaticon_1/Flaticon_1d41d.eot]
[uena.dexignzone.com/django/xhtml/icons/flaticon_1/Flaticon_1.woff2]
[uena.dexignzone.com/django/xhtml/icons/flaticon_1/Flaticon_1.woff]
[uena.dexignzone.com/django/xhtml/icons/flaticon_1/Flaticon_1.ttf]
[uena.dexignzone.com/django/xhtml/icons/flaticon_1/flaticon_1.css]
[uena.dexignzone.com/django/xhtml/vendor/animate/animate.min.css]
[uena.dexignzone.com/django/xhtml/vendor/metismenu/css/metisMenu.min.css]
[uena.dexignzone.com/django/xhtml/images/svg/check.svg]
[uena.dexignzone.com/django/xhtml/js/dashboard/dashboard-1.js]
[uena.dexignzone.com/django/xhtml/js/custom.js]
[uena.dexignzone.com/django/xhtml/js/deznav-init.js]
[uena.dexignzone.com/django/xhtml/js/demo.js]
[uena.dexignzone.com/django/xhtml/js/styleSwitcher.js]
[uena.dexignzone.com/django/xhtml/vendor/lightgallery/dist/fonts/lgb687.woff2]
[uena.dexignzone.com/django/xhtml/vendor/lightgallery/dist/fonts/lgb687.ttf]
[uena.dexignzone.com/django/xhtml/vendor/lightgallery/dist/fonts/lgb687.woff]
[uena.dexignzone.com/django/xhtml/vendor/lightgallery/dist/images/loading.gif]
[uena.dexignzone.com/django/xhtml/vendor/lightgallery/dist/css/lightgallery.css]
[uena.dexignzone.com/django/xhtml/vendor/lightgallery/dist/css/lg-thumbnail.css]
[uena.dexignzone.com/django/xhtml/vendor/lightgallery/dist/css/lg-zoom.css]
[uena.dexignzone.com/django/xhtml/vendor/lightgallery/dist/lightgallery.min.js]
[uena.dexignzone.com/django/xhtml/vendor/lightgallery/dist/plugins/thumbnail/lg-thumbnail.min.js]
[uena.dexignzone.com/django/xhtml/vendor/lightgallery/dist/plugins/zoom/lg-zoom.min.js]
[uena.dexignzone.com/django/xhtml/vendor/sweetalert2/dist/sweetalert2.min.css]
[uena.dexignzone.com/django/xhtml/images/background/pic1.svg]
[uena.dexignzone.com/django/xhtml/vendor/jquery-validation/jquery.validate.min.js]
[uena.dexignzone.com/django/xhtml/js/login-form.js]
[uena.dexignzone.com/django/xhtml/vendor/datatables/css/jquery.dataTables.min.css]
[uena.dexignzone.com/django/xhtml/vendor/datatables/js/jquery.dataTables.min.js]
[uena.dexignzone.com/django/xhtml/js/plugins-init/datatables.init.js]
[uena.dexignzone.com/django/xhtml/js/plugins-init/piety-init.js]
[uena.dexignzone.com/django/xhtml/js/dashboard/order-detail.js]
[uena.dexignzone.com/django/xhtml/ajax/seller-menus.html]
[uena.dexignzone.com/django/xhtml/js/dashboard/analytics.js]
[uena.dexignzone.com/django/xhtml/vendor/dropzone/dist/dropzone.css]
[uena.dexignzone.com/django/xhtml/vendor/dropzone/dist/dropzone.js]
[uena.dexignzone.com/django/xhtml/vendor/fullcalendar/css/main.min.css]
[uena.dexignzone.com/django/xhtml/vendor/moment/moment.min.js]
[uena.dexignzone.com/django/xhtml/vendor/fullcalendar/js/main.min.js]
[uena.dexignzone.com/django/xhtml/js/plugins-init/fullcalendar-init.js]
[uena.dexignzone.com/django/xhtml/vendor/star-rating/star-rating-svg.css]
[uena.dexignzone.com/django/xhtml/vendor/star-rating/jquery.star-rating-svg.js]
[uena.dexignzone.com/django/xhtml/vendor/flot/jquery.canvaswrapper.js]
[uena.dexignzone.com/django/xhtml/vendor/flot/jquery.colorhelpers.js]
[uena.dexignzone.com/django/xhtml/vendor/flot/jquery.flot.js]
[uena.dexignzone.com/django/xhtml/vendor/flot/jquery.flot.saturated.js]
[uena.dexignzone.com/django/xhtml/vendor/flot/jquery.flot.browser.js]
[uena.dexignzone.com/django/xhtml/vendor/flot/jquery.flot.drawSeries.js]
[uena.dexignzone.com/django/xhtml/vendor/flot/jquery.flot.uiConstants.js]
[uena.dexignzone.com/django/xhtml/vendor/flot/jquery.flot.categories.js]
[uena.dexignzone.com/django/xhtml/js/plugins-init/flot-init.js]
[uena.dexignzone.com/django/xhtml/vendor/raphael/raphael.min.js]
[uena.dexignzone.com/django/xhtml/vendor/morris/morris.min.js]
[uena.dexignzone.com/django/xhtml/js/plugins-init/morris-init.js]
[uena.dexignzone.com/django/xhtml/js/plugins-init/chartjs-init.js]
[uena.dexignzone.com/django/xhtml/vendor/chartist/js/chartist.min.js]
[uena.dexignzone.com/django/xhtml/vendor/chartist-plugin-tooltips/js/chartist-plugin-tooltip.min.js]
[uena.dexignzone.com/django/xhtml/js/plugins-init/chartist-init.js]
[uena.dexignzone.com/django/xhtml/vendor/jquery-sparkline/jquery.sparkline.min.js]
[uena.dexignzone.com/django/xhtml/js/plugins-init/sparkline-init.js]
[uena.dexignzone.com/django/xhtml/vendor/svganimation/vivus.min.js]
[uena.dexignzone.com/django/xhtml/vendor/svganimation/svg.animation.js]
[uena.dexignzone.com/django/xhtml/vendor/select2/css/select2.min.css]
[uena.dexignzone.com/django/xhtml/vendor/select2/js/select2.full.min.js]
[uena.dexignzone.com/django/xhtml/js/plugins-init/select2-init.js]
[uena.dexignzone.com/django/xhtml/vendor/nestable2/css/jquery.nestable.min.css]
[uena.dexignzone.com/django/xhtml/vendor/nestable2/js/jquery.nestable.min.js]
[uena.dexignzone.com/django/xhtml/js/plugins-init/nestable-init.js]
[uena.dexignzone.com/django/xhtml/vendor/nouislider/nouislider.min.css]
[uena.dexignzone.com/django/xhtml/vendor/nouislider/nouislider.min.js]
[uena.dexignzone.com/django/xhtml/vendor/wnumb/wNumb.js]
[uena.dexignzone.com/django/xhtml/js/plugins-init/nouislider-init.js]
[uena.dexignzone.com/django/xhtml/vendor/sweetalert2/dist/sweetalert2.min.js]
[uena.dexignzone.com/django/xhtml/js/plugins-init/sweetalert.init.js]
[uena.dexignzone.com/django/xhtml/vendor/toastr/css/toastr.min.css]
[uena.dexignzone.com/django/xhtml/vendor/toastr/js/toastr.min.js]
[uena.dexignzone.com/django/xhtml/js/plugins-init/toastr-init.js]
[uena.dexignzone.com/django/xhtml/vendor/jqvmap/css/jqvmap.min.css]
[uena.dexignzone.com/django/xhtml/vendor/jqvmap/js/jquery.vmap.min.js]
[uena.dexignzone.com/django/xhtml/vendor/jqvmap/js/jquery.vmap.world.js]
[uena.dexignzone.com/django/xhtml/vendor/jqvmap/js/jquery.vmap.usa.js]
[uena.dexignzone.com/django/xhtml/js/plugins-init/jqvmap-init.js]
[uena.dexignzone.com/django/xhtml/vendor/flot/jquery.flot.pie.js]
[uena.dexignzone.com/django/xhtml/vendor/flot/jquery.flot.resize.js]
[uena.dexignzone.com/django/xhtml/vendor/flot-spline/jquery.flot.spline.min.js]
[uena.dexignzone.com/django/xhtml/js/plugins-init/widgets-script-init.js]
[uena.dexignzone.com/django/xhtml/vendor/ckeditor/ckeditor.js]
[uena.dexignzone.com/django/xhtml/vendor/bootstrap-datepicker-master/css/bootstrap-datepicker.min.css]
[uena.dexignzone.com/django/xhtml/images/no-img-avatar.png]
[uena.dexignzone.com/django/xhtml/content-add.html]
[uena.dexignzone.com/django/xhtml/vendor/bootstrap-datepicker-master/js/bootstrap-datepicker.min.js]
[uena.dexignzone.com/django/xhtml/js/dashboard/cms.js]
[uena.dexignzone.com/django/xhtml/add-email.html]
[uena.dexignzone.com/django/xhtml/add-blog.html]
[uena.dexignzone.com/django/xhtml/blog-category.html]
[uena.dexignzone.com/django/xhtml/vendor/jquery-smartwizard/dist/css/smart_wizard.min.css]
[uena.dexignzone.com/django/xhtml/vendor/jquery-steps/build/jquery.steps.min.js]
[uena.dexignzone.com/django/xhtml/js/plugins-init/jquery.validate-init.js]
[uena.dexignzone.com/django/xhtml/vendor/jquery-smartwizard/dist/js/jquery.smartWizard.js]
[uena.dexignzone.com/django/xhtml/vendor/summernote/font/summernote.eot]
[uena.dexignzone.com/django/xhtml/vendor/summernote/font/summernoted41d.eot]
[uena.dexignzone.com/django/xhtml/vendor/summernote/font/summernote.woff2]
[uena.dexignzone.com/django/xhtml/vendor/summernote/font/summernote.woff]
[uena.dexignzone.com/django/xhtml/vendor/summernote/font/summernote.ttf]
[uena.dexignzone.com/django/xhtml/vendor/summernote/summernote.css]
[uena.dexignzone.com/django/xhtml/vendor/summernote/js/summernote.min.js]
[uena.dexignzone.com/django/xhtml/js/plugins-init/summernote-init.js]
[uena.dexignzone.com/django/xhtml/vendor/bootstrap-daterangepicker/daterangepicker.css]
[uena.dexignzone.com/django/xhtml/vendor/clockpicker/css/bootstrap-clockpicker.min.css]
[uena.dexignzone.com/django/xhtml/vendor/jquery-asColorPicker/images/transparent.png]
[uena.dexignzone.com/django/xhtml/vendor/jquery-asColorPicker/images/saturation.png]
[uena.dexignzone.com/django/xhtml/vendor/jquery-asColorPicker/images/hue.png]
[uena.dexignzone.com/django/xhtml/vendor/jquery-asColorPicker/images/alpha.png]
[uena.dexignzone.com/django/xhtml/vendor/jquery-asColorPicker/css/asColorPicker.min.css]
[uena.dexignzone.com/django/xhtml/vendor/bootstrap-material-datetimepicker/css/bootstrap-material-datetimepicker.css]
[uena.dexignzone.com/django/xhtml/vendor/pickadate/themes/default.css]
[uena.dexignzone.com/django/xhtml/vendor/pickadate/themes/default.date.css]
[uena.dexignzone.com/django/xhtml/vendor/bootstrap-daterangepicker/daterangepicker.js]
[uena.dexignzone.com/django/xhtml/vendor/clockpicker/js/bootstrap-clockpicker.min.js]
[uena.dexignzone.com/django/xhtml/vendor/jquery-asColor/jquery-asColor.min.js]
[uena.dexignzone.com/django/xhtml/vendor/jquery-asGradient/jquery-asGradient.min.js]
[uena.dexignzone.com/django/xhtml/vendor/jquery-asColorPicker/js/jquery-asColorPicker.min.js]
[uena.dexignzone.com/django/xhtml/vendor/bootstrap-material-datetimepicker/js/bootstrap-material-datetimepicker.js]
[uena.dexignzone.com/django/xhtml/vendor/pickadate/picker.js]
[uena.dexignzone.com/django/xhtml/vendor/pickadate/picker.time.js]
[uena.dexignzone.com/django/xhtml/vendor/pickadate/picker.date.js]
[uena.dexignzone.com/django/xhtml/js/plugins-init/bs-daterange-picker-init.js]
[uena.dexignzone.com/django/xhtml/js/plugins-init/clock-picker-init.js]
[uena.dexignzone.com/django/xhtml/js/plugins-init/jquery-asColorPicker.init.js]
[uena.dexignzone.com/django/xhtml/js/plugins-init/material-date-picker-init.js]
[uena.dexignzone.com/django/xhtml/js/plugins-init/pickadate-init.js]
[uena.dexignzone.com/django/xhtml/page-forgot-password.html]
[uena.dexignzone.com/django/xhtml/vendor/deznav/deznav.min.js]
[uena.dexignzone.com/django/xhtml/vendor/owl-carousel/owl.carousel.css]
[uena.dexignzone.com/django/xhtml/Trident/index.html]
[uena.dexignzone.com/django/xhtml/Edge/index.html]
[uena.dexignzone.com/django/xhtml/icons/material-design-iconic-font/fonts/materialdesignicons-webfont683c.svg]
[uena.dexignzone.com/django/xhtml/icons/themify-icons/fonts/themify9f249f24.svg]
[uena.dexignzone.com/django/xhtml/icons/line-awesome/fonts/la-brands-400.svg]
[uena.dexignzone.com/django/xhtml/icons/line-awesome/fonts/la-regular-400.svg]
[uena.dexignzone.com/django/xhtml/icons/line-awesome/fonts/la-solid-900.svg]
[uena.dexignzone.com/django/xhtml/icons/flaticon/Flaticon.svg]
[uena.dexignzone.com/django/xhtml/icons/flaticon_1/Flaticon_1.svg]
[uena.dexignzone.com/django/xhtml/css/style-rtl.css]
[uena.dexignzone.com/django/xhtml/sidebar-img/index.html]
[uena.dexignzone.com/django/xhtml/vendor/lightgallery/dist/fonts/lgb687.svg]
[uena.dexignzone.com/django/xhtml/OPR/index.html]
